################################################################################
#                                                                              #
#      IAR Universal Linker V5.7.0.39                                          #
#                                                                              #
#           Link time     =  19/Jun/2014  08:56:26                             #
#           Target CPU    =  MSP430                                            #
#           List file     =  "C:\jenkins\workspace\MspExp430FR5969\mspexp430fr #
#                            5869\imports\MSP-EXP430FR5969 Software Examples\S #
#                            ource\430BOOST-SHARP96_ULP_FRAM\IAR\Debug\List\43 #
#                            0BOOST-SHARP96_ULP_FRAM.map"                      #
#           Output file 1 =  "C:\jenkins\workspace\MspExp430FR5969\mspexp430fr #
#                            5869\imports\MSP-EXP430FR5969 Software Examples\S #
#                            ource\430BOOST-SHARP96_ULP_FRAM\IAR\Debug\Exe\430 #
#                            BOOST-SHARP96_ULP_FRAM.txt"                       #
#                            Format: msp430_txt                                #
#           Output file 2 =  "C:\jenkins\workspace\MspExp430FR5969\mspexp430fr #
#                            5869\imports\MSP-EXP430FR5969 Software Examples\S #
#                            ource\430BOOST-SHARP96_ULP_FRAM\IAR\Debug\Exe\430 #
#                            BOOST-SHARP96_ULP_FRAM.d43"                       #
#                            Format: debug                                     #
#                            UBROF version 10.0.6                              #
#                            Using library modules for C-SPY (-rt)             #
#           Command line  =  "C:\jenkins\workspace\MspExp430FR5969\mspexp430fr #
#                            5869\imports\MSP-EXP430FR5969 Software Examples\S #
#                            ource\430BOOST-SHARP96_ULP_FRAM\IAR\Debug\Obj\Act #
#                            ivePowerMeasure.r43"                              #
#                            "C:\jenkins\workspace\MspExp430FR5969\mspexp430fr #
#                            5869\imports\MSP-EXP430FR5969 Software Examples\S #
#                            ource\430BOOST-SHARP96_ULP_FRAM\IAR\Debug\Obj\adc #
#                            12_b.r43"                                         #
#                            "C:\jenkins\workspace\MspExp430FR5969\mspexp430fr #
#                            5869\imports\MSP-EXP430FR5969 Software Examples\S #
#                            ource\430BOOST-SHARP96_ULP_FRAM\IAR\Debug\Obj\aes #
#                            256.r43"                                          #
#                            "C:\jenkins\workspace\MspExp430FR5969\mspexp430fr #
#                            5869\imports\MSP-EXP430FR5969 Software Examples\S #
#                            ource\430BOOST-SHARP96_ULP_FRAM\IAR\Debug\Obj\cir #
#                            cle.r43"                                          #
#                            "C:\jenkins\workspace\MspExp430FR5969\mspexp430fr #
#                            5869\imports\MSP-EXP430FR5969 Software Examples\S #
#                            ource\430BOOST-SHARP96_ULP_FRAM\IAR\Debug\Obj\Clo #
#                            ckApp.r43"                                        #
#                            "C:\jenkins\workspace\MspExp430FR5969\mspexp430fr #
#                            5869\imports\MSP-EXP430FR5969 Software Examples\S #
#                            ource\430BOOST-SHARP96_ULP_FRAM\IAR\Debug\Obj\com #
#                            p_e.r43"                                          #
#                            "C:\jenkins\workspace\MspExp430FR5969\mspexp430fr #
#                            5869\imports\MSP-EXP430FR5969 Software Examples\S #
#                            ource\430BOOST-SHARP96_ULP_FRAM\IAR\Debug\Obj\con #
#                            text.r43"                                         #
#                            "C:\jenkins\workspace\MspExp430FR5969\mspexp430fr #
#                            5869\imports\MSP-EXP430FR5969 Software Examples\S #
#                            ource\430BOOST-SHARP96_ULP_FRAM\IAR\Debug\Obj\crc #
#                            .r43"                                             #
#                            "C:\jenkins\workspace\MspExp430FR5969\mspexp430fr #
#                            5869\imports\MSP-EXP430FR5969 Software Examples\S #
#                            ource\430BOOST-SHARP96_ULP_FRAM\IAR\Debug\Obj\cs. #
#                            r43"                                              #
#                            "C:\jenkins\workspace\MspExp430FR5969\mspexp430fr #
#                            5869\imports\MSP-EXP430FR5969 Software Examples\S #
#                            ource\430BOOST-SHARP96_ULP_FRAM\IAR\Debug\Obj\CTS #
#                            _HAL.r43"                                         #
#                            "C:\jenkins\workspace\MspExp430FR5969\mspexp430fr #
#                            5869\imports\MSP-EXP430FR5969 Software Examples\S #
#                            ource\430BOOST-SHARP96_ULP_FRAM\IAR\Debug\Obj\CTS #
#                            _Layer.r43"                                       #
#                            "C:\jenkins\workspace\MspExp430FR5969\mspexp430fr #
#                            5869\imports\MSP-EXP430FR5969 Software Examples\S #
#                            ource\430BOOST-SHARP96_ULP_FRAM\IAR\Debug\Obj\CTS #
#                            _wolverine.r43"                                   #
#                            "C:\jenkins\workspace\MspExp430FR5969\mspexp430fr #
#                            5869\imports\MSP-EXP430FR5969 Software Examples\S #
#                            ource\430BOOST-SHARP96_ULP_FRAM\IAR\Debug\Obj\dma #
#                            .r43"                                             #
#                            "C:\jenkins\workspace\MspExp430FR5969\mspexp430fr #
#                            5869\imports\MSP-EXP430FR5969 Software Examples\S #
#                            ource\430BOOST-SHARP96_ULP_FRAM\IAR\Debug\Obj\eus #
#                            ci_a_spi.r43"                                     #
#                            "C:\jenkins\workspace\MspExp430FR5969\mspexp430fr #
#                            5869\imports\MSP-EXP430FR5969 Software Examples\S #
#                            ource\430BOOST-SHARP96_ULP_FRAM\IAR\Debug\Obj\eus #
#                            ci_a_uart.r43"                                    #
#                            "C:\jenkins\workspace\MspExp430FR5969\mspexp430fr #
#                            5869\imports\MSP-EXP430FR5969 Software Examples\S #
#                            ource\430BOOST-SHARP96_ULP_FRAM\IAR\Debug\Obj\eus #
#                            ci_b_i2c.r43"                                     #
#                            "C:\jenkins\workspace\MspExp430FR5969\mspexp430fr #
#                            5869\imports\MSP-EXP430FR5969 Software Examples\S #
#                            ource\430BOOST-SHARP96_ULP_FRAM\IAR\Debug\Obj\eus #
#                            ci_b_spi.r43"                                     #
#                            "C:\jenkins\workspace\MspExp430FR5969\mspexp430fr #
#                            5869\imports\MSP-EXP430FR5969 Software Examples\S #
#                            ource\430BOOST-SHARP96_ULP_FRAM\IAR\Debug\Obj\fon #
#                            tcmss12.r43"                                      #
#                            "C:\jenkins\workspace\MspExp430FR5969\mspexp430fr #
#                            5869\imports\MSP-EXP430FR5969 Software Examples\S #
#                            ource\430BOOST-SHARP96_ULP_FRAM\IAR\Debug\Obj\fon #
#                            tcmss32.r43"                                      #
#                            "C:\jenkins\workspace\MspExp430FR5969\mspexp430fr #
#                            5869\imports\MSP-EXP430FR5969 Software Examples\S #
#                            ource\430BOOST-SHARP96_ULP_FRAM\IAR\Debug\Obj\FR5 #
#                            9xx_EXP.r43"                                      #
#                            "C:\jenkins\workspace\MspExp430FR5969\mspexp430fr #
#                            5869\imports\MSP-EXP430FR5969 Software Examples\S #
#                            ource\430BOOST-SHARP96_ULP_FRAM\IAR\Debug\Obj\fra #
#                            m.r43"                                            #
#                            "C:\jenkins\workspace\MspExp430FR5969\mspexp430fr #
#                            5869\imports\MSP-EXP430FR5969 Software Examples\S #
#                            ource\430BOOST-SHARP96_ULP_FRAM\IAR\Debug\Obj\FRA #
#                            MSpeedApp.r43"                                    #
#                            "C:\jenkins\workspace\MspExp430FR5969\mspexp430fr #
#                            5869\imports\MSP-EXP430FR5969 Software Examples\S #
#                            ource\430BOOST-SHARP96_ULP_FRAM\IAR\Debug\Obj\Gam #
#                            e.r43"                                            #
#                            "C:\jenkins\workspace\MspExp430FR5969\mspexp430fr #
#                            5869\imports\MSP-EXP430FR5969 Software Examples\S #
#                            ource\430BOOST-SHARP96_ULP_FRAM\IAR\Debug\Obj\gpi #
#                            o.r43"                                            #
#                            "C:\jenkins\workspace\MspExp430FR5969\mspexp430fr #
#                            5869\imports\MSP-EXP430FR5969 Software Examples\S #
#                            ource\430BOOST-SHARP96_ULP_FRAM\IAR\Debug\Obj\ima #
#                            ge.r43"                                           #
#                            "C:\jenkins\workspace\MspExp430FR5969\mspexp430fr #
#                            5869\imports\MSP-EXP430FR5969 Software Examples\S #
#                            ource\430BOOST-SHARP96_ULP_FRAM\IAR\Debug\Obj\lin #
#                            e.r43"                                            #
#                            "C:\jenkins\workspace\MspExp430FR5969\mspexp430fr #
#                            5869\imports\MSP-EXP430FR5969 Software Examples\S #
#                            ource\430BOOST-SHARP96_ULP_FRAM\IAR\Debug\Obj\low #
#                            _level_init.r43"                                  #
#                            "C:\jenkins\workspace\MspExp430FR5969\mspexp430fr #
#                            5869\imports\MSP-EXP430FR5969 Software Examples\S #
#                            ource\430BOOST-SHARP96_ULP_FRAM\IAR\Debug\Obj\mpu #
#                            .r43"                                             #
#                            "C:\jenkins\workspace\MspExp430FR5969\mspexp430fr #
#                            5869\imports\MSP-EXP430FR5969 Software Examples\S #
#                            ource\430BOOST-SHARP96_ULP_FRAM\IAR\Debug\Obj\mpy #
#                            32.r43"                                           #
#                            "C:\jenkins\workspace\MspExp430FR5969\mspexp430fr #
#                            5869\imports\MSP-EXP430FR5969 Software Examples\S #
#                            ource\430BOOST-SHARP96_ULP_FRAM\IAR\Debug\Obj\msp #
#                            430fr59xx_CHR.r43"                                #
#                            "C:\jenkins\workspace\MspExp430FR5969\mspexp430fr #
#                            5869\imports\MSP-EXP430FR5969 Software Examples\S #
#                            ource\430BOOST-SHARP96_ULP_FRAM\IAR\Debug\Obj\myT #
#                            imer.r43"                                         #
#                            "C:\jenkins\workspace\MspExp430FR5969\mspexp430fr #
#                            5869\imports\MSP-EXP430FR5969 Software Examples\S #
#                            ource\430BOOST-SHARP96_ULP_FRAM\IAR\Debug\Obj\pmm #
#                            .r43"                                             #
#                            "C:\jenkins\workspace\MspExp430FR5969\mspexp430fr #
#                            5869\imports\MSP-EXP430FR5969 Software Examples\S #
#                            ource\430BOOST-SHARP96_ULP_FRAM\IAR\Debug\Obj\rec #
#                            tangle.r43"                                       #
#                            "C:\jenkins\workspace\MspExp430FR5969\mspexp430fr #
#                            5869\imports\MSP-EXP430FR5969 Software Examples\S #
#                            ource\430BOOST-SHARP96_ULP_FRAM\IAR\Debug\Obj\ref #
#                            _a.r43"                                           #
#                            "C:\jenkins\workspace\MspExp430FR5969\mspexp430fr #
#                            5869\imports\MSP-EXP430FR5969 Software Examples\S #
#                            ource\430BOOST-SHARP96_ULP_FRAM\IAR\Debug\Obj\rtc #
#                            _b.r43"                                           #
#                            "C:\jenkins\workspace\MspExp430FR5969\mspexp430fr #
#                            5869\imports\MSP-EXP430FR5969 Software Examples\S #
#                            ource\430BOOST-SHARP96_ULP_FRAM\IAR\Debug\Obj\sfr #
#                            .r43"                                             #
#                            "C:\jenkins\workspace\MspExp430FR5969\mspexp430fr #
#                            5869\imports\MSP-EXP430FR5969 Software Examples\S #
#                            ource\430BOOST-SHARP96_ULP_FRAM\IAR\Debug\Obj\sha #
#                            rp96x96.r43"                                      #
#                            "C:\jenkins\workspace\MspExp430FR5969\mspexp430fr #
#                            5869\imports\MSP-EXP430FR5969 Software Examples\S #
#                            ource\430BOOST-SHARP96_ULP_FRAM\IAR\Debug\Obj\Sha #
#                            rp96x96utils.r43"                                 #
#                            "C:\jenkins\workspace\MspExp430FR5969\mspexp430fr #
#                            5869\imports\MSP-EXP430FR5969 Software Examples\S #
#                            ource\430BOOST-SHARP96_ULP_FRAM\IAR\Debug\Obj\str #
#                            ing.r43"                                          #
#                            "C:\jenkins\workspace\MspExp430FR5969\mspexp430fr #
#                            5869\imports\MSP-EXP430FR5969 Software Examples\S #
#                            ource\430BOOST-SHARP96_ULP_FRAM\IAR\Debug\Obj\str #
#                            ucture.r43"                                       #
#                            "C:\jenkins\workspace\MspExp430FR5969\mspexp430fr #
#                            5869\imports\MSP-EXP430FR5969 Software Examples\S #
#                            ource\430BOOST-SHARP96_ULP_FRAM\IAR\Debug\Obj\sys #
#                            .r43"                                             #
#                            "C:\jenkins\workspace\MspExp430FR5969\mspexp430fr #
#                            5869\imports\MSP-EXP430FR5969 Software Examples\S #
#                            ource\430BOOST-SHARP96_ULP_FRAM\IAR\Debug\Obj\tim #
#                            er_a.r43"                                         #
#                            "C:\jenkins\workspace\MspExp430FR5969\mspexp430fr #
#                            5869\imports\MSP-EXP430FR5969 Software Examples\S #
#                            ource\430BOOST-SHARP96_ULP_FRAM\IAR\Debug\Obj\tim #
#                            er_b.r43"                                         #
#                            "C:\jenkins\workspace\MspExp430FR5969\mspexp430fr #
#                            5869\imports\MSP-EXP430FR5969 Software Examples\S #
#                            ource\430BOOST-SHARP96_ULP_FRAM\IAR\Debug\Obj\tlv #
#                            .r43"                                             #
#                            "C:\jenkins\workspace\MspExp430FR5969\mspexp430fr #
#                            5869\imports\MSP-EXP430FR5969 Software Examples\S #
#                            ource\430BOOST-SHARP96_ULP_FRAM\IAR\Debug\Obj\ULP #
#                            Meter.r43"                                        #
#                            "C:\jenkins\workspace\MspExp430FR5969\mspexp430fr #
#                            5869\imports\MSP-EXP430FR5969 Software Examples\S #
#                            ource\430BOOST-SHARP96_ULP_FRAM\IAR\Debug\Obj\Upd #
#                            ateDisplay.r43"                                   #
#                            "C:\jenkins\workspace\MspExp430FR5969\mspexp430fr #
#                            5869\imports\MSP-EXP430FR5969 Software Examples\S #
#                            ource\430BOOST-SHARP96_ULP_FRAM\IAR\Debug\Obj\wdt #
#                            _a.r43"                                           #
#                            -o                                                #
#                            "C:\jenkins\workspace\MspExp430FR5969\mspexp430fr #
#                            5869\imports\MSP-EXP430FR5969 Software Examples\S #
#                            ource\430BOOST-SHARP96_ULP_FRAM\IAR\Debug\Exe\430 #
#                            BOOST-SHARP96_ULP_FRAM.d43"                       #
#                            -l                                                #
#                            "C:\jenkins\workspace\MspExp430FR5969\mspexp430fr #
#                            5869\imports\MSP-EXP430FR5969 Software Examples\S #
#                            ource\430BOOST-SHARP96_ULP_FRAM\IAR\Debug\List\43 #
#                            0BOOST-SHARP96_ULP_FRAM.map"                      #
#                            -xms -IC:\iar\EW430V5.60\430\LIB\ -f              #
#                            "C:\jenkins\workspace\MspExp430FR5969\mspexp430fr #
#                            5869\imports\MSP-EXP430FR5969 Software Examples\S #
#                            ource\430BOOST-SHARP96_ULP_FRAM\IAR\lnk430fr5969. #
#                            xcl"                                              #
#                            (-cmsp430 -QCODE_I=CODE_ID                        #
#                            -Z(DATA)DATA16_I,DATA16_Z,DATA16_N,TLS16_I,DATA16 #
#                            _HEAP+_DATA16_HEAP_SIZE=1C00-23FF                 #
#                            -Z(DATA)CODE_I -Z(DATA)CSTACK+_STACK_SIZE#        #
#                            -Z(DATA)DATA20_I,DATA20_Z,DATA20_N,DATA20_HEAP+_D #
#                            ATA20_HEAP_SIZE                                   #
#                            -Z(CODE)CSTART,ISR_CODE=4400-FF8F                 #
#                            -Z(CONST)DATA16_C,DATA16_ID,DATA16_P,TLS16_ID,DIF #
#                            UNCT,CHECKSUM=4400-FF8F                           #
#                            -P(CODE)CODE=4400-FF8F,10000-13FFF                #
#                            -Z(CODE)CODE_ID                                   #
#                            -Z(CONST)DATA20_C,DATA20_ID,DATA20_P=4400-FF8F,10 #
#                            000-13FFF                                         #
#                            -Z(CODE)INTVEC=FF90-FFFF                          #
#                            -Z(CODE)RESET=FFFE-FFFF) -f                       #
#                            C:\iar\EW430V5.60\430\config\multiplier32_loc2.xc #
#                            l                                                 #
#                            (-e?Mul8HwLoc2=?Mul8 -e?Mul16HwLoc2=?Mul16        #
#                            -e?Mul16to32uHwLoc2=?Mul16to32u                   #
#                            -e?Mul16to32sHwLoc2=?Mul16to32s                   #
#                            -e?Mul32Hw32Loc2=?Mul32                           #
#                            -e?Mul64Hw32Loc2=_Mul64i                          #
#                            -e?Mul32u32uto64iHw32Loc2=_Mul32u32uto64i         #
#                            -e?Mul32fHwLoc2=_Mul32f                           #
#                            -e_Mul64fHwPtrLoc2=_Mul64fPtr) -D_STACK_SIZE=A0   #
#                            -rt                                               #
#                            C:\iar\EW430V5.60\430\LIB\DLIB\dl430xsfn.r43      #
#                            -D_DATA16_HEAP_SIZE=A0                            #
#                            "-Omsp430_txt=C:\jenkins\workspace\MspExp430FR596 #
#                            9\mspexp430fr5869\imports\MSP-EXP430FR5969 Softwa #
#                            re Examples\Source\430BOOST-SHARP96_ULP_FRAM\IAR\ #
#                            Debug\Exe\430BOOST-SHARP96_ULP_FRAM.txt"          #
#                            -s __program_start -D_DATA20_HEAP_SIZE=50         #
#                                                                              #
#                           Copyright (C) 1987-2013 IAR Systems AB.            #
################################################################################





                ****************************************
                *                                      *
                *           CROSS REFERENCE            *
                *                                      *
                ****************************************

       Program entry at :           4400  Relocatable, from module : ?cstart




                ****************************************
                *                                      *
                *            RUNTIME MODEL             *
                *                                      *
                ****************************************

  __Heap_Handler             = Basic
  __SystemLibrary            = DLib
  __core                     = 430X
  __data_model               = small
  __dlib_file_descriptor     = 0
  __dlib_full_locale_support = 0
  __double_size              = 32
  __pic                      = no
  __reg_r4                   = free
  __reg_r5                   = free
  __rt_version               = 3

                ****************************************
                *                                      *
                *    AUTOMATIC SYMBOL REDIRECTIONS     *
                *                                      *
                ****************************************

                  There are no automatic symbol redirections.



                ****************************************
                *                                      *
                *              MODULE MAP              *
                *                                      *
                ****************************************


  DEFINED ABSOLUTE ENTRIES
    *************************************************************************

  DEFINED ABSOLUTE ENTRIES
  PROGRAM MODULE, NAME : ?ABS_ENTRY_MOD

Absolute parts
           ENTRY                   ADDRESS         REF BY
           =====                   =======         ======
           _DATA20_HEAP_SIZE       0050 
           _DATA16_HEAP_SIZE       00A0 
           _STACK_SIZE             00A0 
    *************************************************************************

  FILE NAME : C:\jenkins\workspace\MspExp430FR5969\mspexp430fr5869\imports\MSP-EXP430FR5969 Software Examples\Source\430BOOST-SHARP96_ULP_FRAM\IAR\Debug\Obj\ActivePowerMeasure.r43
  PROGRAM MODULE, NAME : ActivePowerMeasure

  SEGMENTS IN THE MODULE
  ======================
DATA16_Z
  Relative segment, address: 1C6C - 1C6C (0x1 bytes), align: 0
  Segment part 2.             Intra module refs:   ActivePowerApp
           ENTRY                   ADDRESS         REF BY
           =====                   =======         ======
           frequencyChoice         1C6C 
    -------------------------------------------------------------------------
DATA16_Z
  Relative segment, address: 1C6D - 1C6D (0x1 bytes), align: 0
  Segment part 3.             Intra module refs:   ActivePowerApp
           ENTRY                   ADDRESS         REF BY
           =====                   =======         ======
           cacheRatioChoice        1C6D 
    -------------------------------------------------------------------------
<CODE> 1 (was CODE)
  Relative segment, address: CCC4 - CD73 (0xb0 bytes), align: 1
  Segment part 10.
           ENTRY                   ADDRESS         REF BY
           =====                   =======         ======
           ActivePowerApp          CCC4            main (FR59xx_EXP)
               calls direct
               CSTACK = 00000000 ( 00000004 )
    -------------------------------------------------------------------------
<CODE> 1 (was CODE)
  Relative segment, address: DE0C - DE53 (0x48 bytes), align: 1
  Segment part 9.             Intra module refs:   ActivePowerApp
           ENTRY                   ADDRESS         REF BY
           =====                   =======         ======
           chooseFrequency         DE0C 
               calls direct
               CSTACK = 00000000 ( 00000006 )
    -------------------------------------------------------------------------
<CODE> 1 (was CODE)
  Relative segment, address: DE54 - DE97 (0x44 bytes), align: 1
  Segment part 8.             Intra module refs:   ActivePowerApp
           ENTRY                   ADDRESS         REF BY
           =====                   =======         ======
           chooseCacheRatio        DE54 
               calls direct
               CSTACK = 00000000 ( 00000006 )
    -------------------------------------------------------------------------
<CODE> 1 (was CODE)
  Relative segment, address: E58C - E5A1 (0x16 bytes), align: 1
  Segment part 7.             Intra module refs:   ActivePowerApp
           ENTRY                   ADDRESS         REF BY
           =====                   =======         ======
           Active_intro            E58C 
               calls direct
               CSTACK = 00000000 ( 00000004 )
    -------------------------------------------------------------------------
<CODE> 1 (was CODE)
  Relative segment, address: E720 - E729 (0xa bytes), align: 1
  Segment part 6.             Intra module refs:   ActivePowerApp
           ENTRY                   ADDRESS         REF BY
           =====                   =======         ======
           eUSCI_turnOn            E720 
               calls direct
               CSTACK = 00000000 ( 00000004 )
    -------------------------------------------------------------------------
<CODE> 1 (was CODE)
  Relative segment, address: E70C - E715 (0xa bytes), align: 1
  Segment part 5.             Intra module refs:   ActivePowerApp
           ENTRY                   ADDRESS         REF BY
           =====                   =======         ======
           eUSCI_turnOff           E70C 
               calls direct
               CSTACK = 00000000 ( 00000004 )
    -------------------------------------------------------------------------
<CODE> 1 (was CODE)
  Relative segment, address: D28A - D317 (0x8e bytes), align: 1
  Segment part 4.             Intra module refs:   ActivePowerApp
           ENTRY                   ADDRESS         REF BY
           =====                   =======         ======
           Active_setClock         D28A 
               calls direct
               CSTACK = 00000000 ( 0000000A )

    *************************************************************************

  FILE NAME : C:\jenkins\workspace\MspExp430FR5969\mspexp430fr5869\imports\MSP-EXP430FR5969 Software Examples\Source\430BOOST-SHARP96_ULP_FRAM\IAR\Debug\Obj\adc12_b.r43
  PROGRAM MODULE, NAME : adc12_b

  SEGMENTS IN THE MODULE
  ======================
<CODE> 1 (was CODE)
  Relative segment, address: CB58 - CC0D (0xb6 bytes), align: 1
  Segment part 21.
           ENTRY                   ADDRESS         REF BY
           =====                   =======         ======
           ADC12_B_init            CB58            ULP_takeADCReading (ULPMeter)
               CSTACK = 00000000 ( 00000014 )
    -------------------------------------------------------------------------
<CODE> 1 (was CODE)
  Relative segment, address: E67C - E689 (0xe bytes), align: 1
  Segment part 20.
           ENTRY                   ADDRESS         REF BY
           =====                   =======         ======
           ADC12_B_enable          E67C            ULP_takeADCReading (ULPMeter)
               CSTACK = 00000000 ( 00000004 )
    -------------------------------------------------------------------------
<CODE> 1 (was CODE)
  Relative segment, address: E698 - E6A5 (0xe bytes), align: 1
  Segment part 19.
           ENTRY                   ADDRESS         REF BY
           =====                   =======         ======
           ADC12_B_disable         E698            ULP_stopADCReading (ULPMeter)
               CSTACK = 00000000 ( 00000004 )
    -------------------------------------------------------------------------
<CODE> 1 (was CODE)
  Relative segment, address: E3EE - E40F (0x22 bytes), align: 1
  Segment part 18.
           ENTRY                   ADDRESS         REF BY
           =====                   =======         ======
           ADC12_B_setupSamplingTimer
                                   E3EE            ULP_takeADCReading (ULPMeter)
               CSTACK = 00000000 ( 00000006 )
    -------------------------------------------------------------------------
<CODE> 1 (was CODE)
  Relative segment, address: DE98 - DEDB (0x44 bytes), align: 1
  Segment part 16.
           ENTRY                   ADDRESS         REF BY
           =====                   =======         ======
           ADC12_B_memoryConfigure
                                   DE98            ULP_takeADCReading (ULPMeter)
               CSTACK = 00000000 ( 00000006 )
    -------------------------------------------------------------------------
<CODE> 1 (was CODE)
  Relative segment, address: E3CA - E3ED (0x24 bytes), align: 1
  Segment part 14.
           ENTRY                   ADDRESS         REF BY
           =====                   =======         ======
           ADC12_B_enableInterrupt
                                   E3CA            ULP_takeADCReading (ULPMeter)
               CSTACK = 00000000 ( 00000006 )
    -------------------------------------------------------------------------
<CODE> 1 (was CODE)
  Relative segment, address: E5FC - E60B (0x10 bytes), align: 1
  Segment part 12.
           ENTRY                   ADDRESS         REF BY
           =====                   =======         ======
           ADC12_B_clearInterrupt
                                   E5FC            ULP_takeADCReading (ULPMeter)
               CSTACK = 00000000 ( 00000004 )
    -------------------------------------------------------------------------
<CODE> 1 (was CODE)
  Relative segment, address: DF9A - DFD5 (0x3c bytes), align: 1
  Segment part 10.
           ENTRY                   ADDRESS         REF BY
           =====                   =======         ======
           ADC12_B_startConversion
                                   DF9A            ULP_takeADCReading (ULPMeter)
               CSTACK = 00000000 ( 00000006 )
    -------------------------------------------------------------------------
<CODE> 1 (was CODE)
  Relative segment, address: E150 - E17F (0x30 bytes), align: 1
  Segment part 9.
           ENTRY                   ADDRESS         REF BY
           =====                   =======         ======
           ADC12_B_disableConversions
                                   E150            ULP_stopADCReading (ULPMeter)
               calls direct
               CSTACK = 00000000 ( 00000008 )
    -------------------------------------------------------------------------
<CODE> 1 (was CODE)
  Relative segment, address: E77A - E781 (0x8 bytes), align: 1
  Segment part 2.             Intra module refs:   ADC12_B_disableConversions
           ENTRY                   ADDRESS         REF BY
           =====                   =======         ======
           ADC12_B_isBusy          E77A 
               CSTACK = 00000000 ( 00000004 )

    *************************************************************************

  FILE NAME : C:\jenkins\workspace\MspExp430FR5969\mspexp430fr5869\imports\MSP-EXP430FR5969 Software Examples\Source\430BOOST-SHARP96_ULP_FRAM\IAR\Debug\Obj\aes256.r43
    *************************************************************************

  FILE NAME : C:\jenkins\workspace\MspExp430FR5969\mspexp430fr5869\imports\MSP-EXP430FR5969 Software Examples\Source\430BOOST-SHARP96_ULP_FRAM\IAR\Debug\Obj\circle.r43
  PROGRAM MODULE, NAME : circle

  SEGMENTS IN THE MODULE
  ======================
<CODE> 1 (was CODE)
  Relative segment, address: 79B2 - 80F5 (0x744 bytes), align: 1
  Segment part 3.
           ENTRY                   ADDRESS         REF BY
           =====                   =======         ======
           GrCircleDraw            79B2            LCD_drawSliderBall (UpdateDisplay)
               calls indirect
               CSTACK = 00000000 ( 00000020 )

    *************************************************************************

  FILE NAME : C:\jenkins\workspace\MspExp430FR5969\mspexp430fr5869\imports\MSP-EXP430FR5969 Software Examples\Source\430BOOST-SHARP96_ULP_FRAM\IAR\Debug\Obj\ClockApp.r43
  PROGRAM MODULE, NAME : ClockApp

  SEGMENTS IN THE MODULE
  ======================
DATA16_AN
  Relative segment, address: 04B0 - 04B1 (0x2 bytes), align: 0
  Segment part 1. ROOT.       Intra module refs:   Clock_App
                                                   LCD_drawBattery (UpdateDisplay)
                                                   LCD_updateClock (UpdateDisplay)
                                                   PORT1_ISR (FR59xx_EXP)
                                                   RTC_ISR (FR59xx_EXP)
           ENTRY                   ADDRESS         REF BY
           =====                   =======         ======
           _A_RTCTIM0_L            04B0 
           LOCAL                   ADDRESS         
           =====                   =======         
           RTCTIM0                 04B0 
           RTCTIM0_H               04B1 
           RTCTIM0_L               04B0 
    -------------------------------------------------------------------------
DATA16_AN
  Relative segment, address: 04B2 - 04B3 (0x2 bytes), align: 0
  Segment part 2. ROOT.       Intra module refs:   Clock_App
                                                   LCD_drawBattery (UpdateDisplay)
                                                   LCD_updateClock (UpdateDisplay)
           ENTRY                   ADDRESS         REF BY
           =====                   =======         ======
           _A_RTCTIM1_L            04B2 
           LOCAL                   ADDRESS         
           =====                   =======         
           RTCTIM1                 04B2 
           RTCTIM1_H               04B3 
           RTCTIM1_L               04B2 
    -------------------------------------------------------------------------
DATA16_AN
  Relative segment, address: 04B4 - 04B5 (0x2 bytes), align: 0
  Segment part 3. ROOT.       Intra module refs:   Clock_App
                                                   LCD_drawBattery (UpdateDisplay)
                                                   LCD_updateClock (UpdateDisplay)
           ENTRY                   ADDRESS         REF BY
           =====                   =======         ======
           _A_RTCDATE_L            04B4 
           LOCAL                   ADDRESS         
           =====                   =======         
           RTCDATE                 04B4 
           RTCDATE_H               04B5 
           RTCDATE_L               04B4 
    -------------------------------------------------------------------------
DATA16_AN
  Relative segment, address: 04B6 - 04B7 (0x2 bytes), align: 0
  Segment part 4. ROOT.       Intra module refs:   Clock_App
                                                   LCD_updateClock (UpdateDisplay)
           ENTRY                   ADDRESS         REF BY
           =====                   =======         ======
           _A_RTCYEAR_L            04B6 
           LOCAL                   ADDRESS         
           =====                   =======         
           RTCYEAR                 04B6 
           RTCYEAR_H               04B7 
           RTCYEAR_L               04B6 
    -------------------------------------------------------------------------
DATA16_I
  Relative segment, address: 1C06 - 1C06 (0x1 bytes), align: 0
  Segment part 6.             Intra module refs:   Clock_App_init
           ENTRY                   ADDRESS         REF BY
           =====                   =======         ======
           setClock                1C06            main (FR59xx_EXP)
    -------------------------------------------------------------------------
DATA16_I
  Relative segment, address: 1C07 - 1C07 (0x1 bytes), align: 0
  Segment part 8.             Intra module refs:   Clock_App
           ENTRY                   ADDRESS         REF BY
           =====                   =======         ======
           freshFlag               1C07            PORT1_ISR (FR59xx_EXP)
                                                   RTC_ISR (FR59xx_EXP)
    -------------------------------------------------------------------------
DATA16_Z
  Relative segment, address: 1C6E - 1C6E (0x1 bytes), align: 0
  Segment part 10.            Intra module refs:   Clock_App
                                                   Clock_setParameter
                                                   Clock_setYear
           ENTRY                   ADDRESS         REF BY
           =====                   =======         ======
           ULP                     1C6E            PORT1_ISR (FR59xx_EXP)
    -------------------------------------------------------------------------
DATA16_I
  Relative segment, address: 1C08 - 1C08 (0x1 bytes), align: 0
  Segment part 11.            Intra module refs:   Clock_App
                                                   Clock_setParameter
                                                   Clock_setYear
           ENTRY                   ADDRESS         REF BY
           =====                   =======         ======
           firstEnter              1C08            PORT1_ISR (FR59xx_EXP)
    -------------------------------------------------------------------------
<CODE> 1 (was CODE)
  Relative segment, address: BE66 - BF53 (0xee bytes), align: 1
  Segment part 17.
           ENTRY                   ADDRESS         REF BY
           =====                   =======         ======
           Clock_App               BE66            main (FR59xx_EXP)
               calls direct
               CSTACK = 00000000 ( 00000004 )
    -------------------------------------------------------------------------
<CODE> 1 (was CODE)
  Relative segment, address: D318 - D39B (0x84 bytes), align: 1
  Segment part 16.            Intra module refs:   Clock_App
           LOCAL                   ADDRESS         
           =====                   =======         
           Clock_App_init          D318 
               calls direct
               CSTACK = 00000000 ( 00000014 )
    -------------------------------------------------------------------------
<CODE> 1 (was CODE)
  Relative segment, address: DA2C - DA95 (0x6a bytes), align: 1
  Segment part 15.            Intra module refs:   Clock_App
           LOCAL                   ADDRESS         
           =====                   =======         
           Clock_setParameter      DA2C 
               calls direct
               CSTACK = 00000000 ( 00000010 )
    -------------------------------------------------------------------------
<CODE> 1 (was CODE)
  Relative segment, address: D77C - D7F5 (0x7a bytes), align: 1
  Segment part 14.            Intra module refs:   Clock_App
           LOCAL                   ADDRESS         
           =====                   =======         
           Clock_setYear           D77C 
               calls direct
               CSTACK = 00000000 ( 0000000C )
    -------------------------------------------------------------------------
<CODE> 1 (was CODE)
  Relative segment, address: E266 - E291 (0x2c bytes), align: 1
  Segment part 13.            Intra module refs:   Clock_App
           LOCAL                   ADDRESS         
           =====                   =======         
           Clock_App_exit          E266 
               calls direct
               CSTACK = 00000000 ( 00000004 )
    -------------------------------------------------------------------------
DATA16_ID
  Relative segment, address: 6986 - 6986 (0x1 bytes), align: 0
  Segment part 7.             Intra module refs:   setClock
    -------------------------------------------------------------------------
DATA16_ID
  Relative segment, address: 6987 - 6987 (0x1 bytes), align: 0
  Segment part 9.             Intra module refs:   freshFlag
    -------------------------------------------------------------------------
DATA16_ID
  Relative segment, address: 6988 - 6988 (0x1 bytes), align: 0
  Segment part 12.            Intra module refs:   firstEnter

    *************************************************************************

  FILE NAME : C:\jenkins\workspace\MspExp430FR5969\mspexp430fr5869\imports\MSP-EXP430FR5969 Software Examples\Source\430BOOST-SHARP96_ULP_FRAM\IAR\Debug\Obj\comp_e.r43
    *************************************************************************

  FILE NAME : C:\jenkins\workspace\MspExp430FR5969\mspexp430fr5869\imports\MSP-EXP430FR5969 Software Examples\Source\430BOOST-SHARP96_ULP_FRAM\IAR\Debug\Obj\context.r43
  PROGRAM MODULE, NAME : context

  SEGMENTS IN THE MODULE
  ======================
<CODE> 1 (was CODE)
  Relative segment, address: DF1C - DF5B (0x40 bytes), align: 1
  Segment part 3.
           ENTRY                   ADDRESS         REF BY
           =====                   =======         ======
           GrContextInit           DF1C            SystemInit (FR59xx_EXP)
                                                   SystemInitFromLPM35 (FR59xx_EXP)
               CSTACK = 00000000 ( 00000004 )

    *************************************************************************

  FILE NAME : C:\jenkins\workspace\MspExp430FR5969\mspexp430fr5869\imports\MSP-EXP430FR5969 Software Examples\Source\430BOOST-SHARP96_ULP_FRAM\IAR\Debug\Obj\crc.r43
    *************************************************************************

  FILE NAME : C:\jenkins\workspace\MspExp430FR5969\mspexp430fr5869\imports\MSP-EXP430FR5969 Software Examples\Source\430BOOST-SHARP96_ULP_FRAM\IAR\Debug\Obj\cs.r43
  PROGRAM MODULE, NAME : cs

  SEGMENTS IN THE MODULE
  ======================
DATA16_Z
  Relative segment, address: 1C10 - 1C13 (0x4 bytes), align: 1
  Segment part 2.             Intra module refs:   CS_setExternalClockSource
           ENTRY                   ADDRESS         REF BY
           =====                   =======         ======
           CS_LFXTClockFrequency   1C10 
    -------------------------------------------------------------------------
DATA16_Z
  Relative segment, address: 1C14 - 1C17 (0x4 bytes), align: 1
  Segment part 3.             Intra module refs:   CS_setExternalClockSource
           ENTRY                   ADDRESS         REF BY
           =====                   =======         ======
           CS_HFXTClockFrequency   1C14 
    -------------------------------------------------------------------------
<CODE> 1 (was CODE)
  Relative segment, address: E54A - E55F (0x16 bytes), align: 1
  Segment part 25.
           ENTRY                   ADDRESS         REF BY
           =====                   =======         ======
           CS_setExternalClockSource
                                   E54A            SystemInit (FR59xx_EXP)
                                                   SystemInitFromLPM35 (FR59xx_EXP)
               CSTACK = 00000000 ( 00000004 )
    -------------------------------------------------------------------------
<CODE> 1 (was CODE)
  Relative segment, address: CD74 - CE23 (0xb0 bytes), align: 1
  Segment part 24.
           ENTRY                   ADDRESS         REF BY
           =====                   =======         ======
           CS_clockSignalInit      CD74            Active_setClock (ActivePowerMeasure)
                                                   SystemInit (FR59xx_EXP)
                                                   SystemInitFromLPM35 (FR59xx_EXP)
               CSTACK = 00000000 ( 00000006 )
    -------------------------------------------------------------------------
<CODE> 1 (was CODE)
  Relative segment, address: DA96 - DAFF (0x6a bytes), align: 1
  Segment part 23.
           ENTRY                   ADDRESS         REF BY
           =====                   =======         ======
           CS_LFXTStart            DA96            SystemInit (FR59xx_EXP)
                                                   SystemInitFromLPM35 (FR59xx_EXP)
               CSTACK = 00000000 ( 00000004 )
    -------------------------------------------------------------------------
<CODE> 1 (was CODE)
  Relative segment, address: E502 - E519 (0x18 bytes), align: 1
  Segment part 4.
           ENTRY                   ADDRESS         REF BY
           =====                   =======         ======
           CS_setDCOFreq           E502            Active_setClock (ActivePowerMeasure)
                                                   SystemInit (FR59xx_EXP)
                                                   SystemInitFromLPM35 (FR59xx_EXP)
               CSTACK = 00000000 ( 00000004 )

    *************************************************************************

  FILE NAME : C:\jenkins\workspace\MspExp430FR5969\mspexp430fr5869\imports\MSP-EXP430FR5969 Software Examples\Source\430BOOST-SHARP96_ULP_FRAM\IAR\Debug\Obj\CTS_HAL.r43
  PROGRAM MODULE, NAME : CTS_HAL

  SEGMENTS IN THE MODULE
  ======================
DATA16_AN
  Relative segment, address: 0100 - 0101 (0x2 bytes), align: 0
  Segment part 1. ROOT.       Intra module refs:   TI_CTS_RO_CSIO_TA2_WDTA_HAL
           ENTRY                   ADDRESS         REF BY
           =====                   =======         ======
           _A_SFRIE1_L             0100 
           LOCAL                   ADDRESS         
           =====                   =======         
           SFRIE1                  0100 
           SFRIE1_H                0101 
           SFRIE1_L                0100 
    -------------------------------------------------------------------------
DATA16_AN
  Relative segment, address: 0400 - 0401 (0x2 bytes), align: 0
  Segment part 2. ROOT.       Intra module refs:   TI_CTS_RO_CSIO_TA2_WDTA_HAL
           ENTRY                   ADDRESS         REF BY
           =====                   =======         ======
           TA2CTL                  0400 
    -------------------------------------------------------------------------
DATA16_AN
  Relative segment, address: 0402 - 0403 (0x2 bytes), align: 0
  Segment part 3. ROOT.       Intra module refs:   TI_CTS_RO_CSIO_TA2_WDTA_HAL
           ENTRY                   ADDRESS         REF BY
           =====                   =======         ======
           TA2CCTL0                0402 
    -------------------------------------------------------------------------
DATA16_AN
  Relative segment, address: 0412 - 0413 (0x2 bytes), align: 0
  Segment part 4. ROOT.       Intra module refs:   TI_CTS_RO_CSIO_TA2_WDTA_HAL
           ENTRY                   ADDRESS         REF BY
           =====                   =======         ======
           TA2CCR0                 0412 
    -------------------------------------------------------------------------
DATA16_AN
  Relative segment, address: 015C - 015D (0x2 bytes), align: 0
  Segment part 5. ROOT.       Intra module refs:   TI_CTS_RO_CSIO_TA2_WDTA_HAL
                                                   __low_level_init (low_level_init)
           ENTRY                   ADDRESS         REF BY
           =====                   =======         ======
           _A_WDTCTL_L             015C 
           LOCAL                   ADDRESS         
           =====                   =======         
           WDTCTL                  015C 
           WDTCTL_H                015D 
           WDTCTL_L                015C 
    -------------------------------------------------------------------------
<CODE> 1 (was CODE)
  Relative segment, address: C212 - C2EF (0xde bytes), align: 1
  Segment part 9.
           ENTRY                   ADDRESS         REF BY
           =====                   =======         ======
           TI_CTS_RO_CSIO_TA2_WDTA_HAL
                                   C212            TI_CAPT_Raw (CTS_Layer)
               CSTACK = 00000000 ( 00000014 )
    -------------------------------------------------------------------------
ISR_CODE
  Relative segment, address: 4430 - 4437 (0x8 bytes), align: 1
  Segment part 8.             Intra module refs:   watchdog_timer::??INTVEC 98
           ENTRY                   ADDRESS         REF BY
           =====                   =======         ======
           watchdog_timer          4430 
               interrupt function
               CSTACK = 00000000 ( 00000004 )
    -------------------------------------------------------------------------
INTVEC
  Common segment, address: FF90 - FFF3 (0x64 bytes), align: 1
  Segment part 6. ROOT.
           ENTRY                   ADDRESS         REF BY
           =====                   =======         ======
           watchdog_timer::??INTVEC 98
                                   FFF2 

    *************************************************************************

  FILE NAME : C:\jenkins\workspace\MspExp430FR5969\mspexp430fr5869\imports\MSP-EXP430FR5969 Software Examples\Source\430BOOST-SHARP96_ULP_FRAM\IAR\Debug\Obj\CTS_Layer.r43
  PROGRAM MODULE, NAME : CTS_Layer

  SEGMENTS IN THE MODULE
  ======================
DATA16_Z
  Relative segment, address: 1C18 - 1C23 (0xc bytes), align: 1
  Segment part 2.             Intra module refs:   TI_CAPT_Custom
                                                   TI_CAPT_Init_Baseline
                                                   TI_CAPT_Update_Baseline
           ENTRY                   ADDRESS         REF BY
           =====                   =======         ======
           baseCnt                 1C18 
    -------------------------------------------------------------------------
DATA16_Z
  Relative segment, address: 1C24 - 1C29 (0x6 bytes), align: 1
  Segment part 3.             Intra module refs:   TI_CAPT_Update_Baseline
                                                   TI_CAPT_Wheel
           ENTRY                   ADDRESS         REF BY
           =====                   =======         ======
           measCnt                 1C24 
    -------------------------------------------------------------------------
DATA16_I
  Relative segment, address: 1C00 - 1C01 (0x2 bytes), align: 1
  Segment part 4.             Intra module refs:   TI_CAPT_Custom
                                                   TI_CAPT_Wheel
           ENTRY                   ADDRESS         REF BY
           =====                   =======         ======
           ctsStatusReg            1C00 
    -------------------------------------------------------------------------
<CODE> 1 (was CODE)
  Relative segment, address: E6A6 - E6B3 (0xe bytes), align: 1
  Segment part 16.            Intra module refs:   TI_CAPT_Custom
                                                   TI_CAPT_Init_Baseline
                                                   TI_CAPT_Update_Baseline
           ENTRY                   ADDRESS         REF BY
           =====                   =======         ======
           TI_CAPT_Raw             E6A6 
               calls direct
               CSTACK = 00000000 ( 00000004 )
    -------------------------------------------------------------------------
<CODE> 1 (was CODE)
  Relative segment, address: E61C - E62B (0x10 bytes), align: 1
  Segment part 15.
           ENTRY                   ADDRESS         REF BY
           =====                   =======         ======
           TI_CAPT_Init_Baseline   E61C            main (FR59xx_EXP)
               calls direct
               CSTACK = 00000000 ( 00000004 )
    -------------------------------------------------------------------------
<CODE> 1 (was CODE)
  Relative segment, address: DC1C - DC73 (0x58 bytes), align: 1
  Segment part 14.
           ENTRY                   ADDRESS         REF BY
           =====                   =======         ======
           TI_CAPT_Update_Baseline
                                   DC1C            main (FR59xx_EXP)
               calls direct
               CSTACK = 00000000 ( 0000000C )
    -------------------------------------------------------------------------
<CODE> 1 (was CODE)
  Relative segment, address: 80F6 - 8579 (0x484 bytes), align: 1
  Segment part 10.            Intra module refs:   TI_CAPT_Wheel
           ENTRY                   ADDRESS         REF BY
           =====                   =======         ======
           TI_CAPT_Custom          80F6 
               calls direct
               CSTACK = 00000000 ( 0000000C )
    -------------------------------------------------------------------------
<CODE> 1 (was CODE)
  Relative segment, address: 9F70 - A1B1 (0x242 bytes), align: 1
  Segment part 7.
           ENTRY                   ADDRESS         REF BY
           =====                   =======         ======
           TI_CAPT_Wheel           9F70            CTS_getReading (CTS_wolverine)
               calls direct
               CSTACK = 00000000 ( 0000000E )
    -------------------------------------------------------------------------
<CODE> 1 (was CODE)
  Relative segment, address: B018 - B1A3 (0x18c bytes), align: 1
  Segment part 6.             Intra module refs:   TI_CAPT_Wheel
           ENTRY                   ADDRESS         REF BY
           =====                   =======         ======
           Dominant_Element        B018 
               CSTACK = 00000000 ( 00000010 )
    -------------------------------------------------------------------------
DATA16_ID
  Relative segment, address: 6980 - 6981 (0x2 bytes), align: 1
  Segment part 5.             Intra module refs:   ctsStatusReg

    *************************************************************************

  FILE NAME : C:\jenkins\workspace\MspExp430FR5969\mspexp430fr5869\imports\MSP-EXP430FR5969 Software Examples\Source\430BOOST-SHARP96_ULP_FRAM\IAR\Debug\Obj\CTS_wolverine.r43
  PROGRAM MODULE, NAME : CTS_wolverine

  SEGMENTS IN THE MODULE
  ======================
DATA16_Z
  Relative segment, address: 1C2A - 1C2D (0x4 bytes), align: 1
  Segment part 2.             Intra module refs:   CTS_getReading
           ENTRY                   ADDRESS         REF BY
           =====                   =======         ======
           sliderPos               1C2A            Clock_App_init (ClockApp)
                                                   Clock_setParameter (ClockApp)
                                                   Clock_setYear (ClockApp)
                                                   MainMenu (FR59xx_EXP)
                                                   SliderBall_app (Game)
                                                   ULP_subMenu (ULPMeter)
                                                   chooseCacheRatio (ActivePowerMeasure)
                                                   chooseFrequency (ActivePowerMeasure)
                                                   chooseGameMode (Game)
                                                   roundingAlgorithm (Game)
    -------------------------------------------------------------------------
DATA16_Z
  Relative segment, address: 1C2E - 1C31 (0x4 bytes), align: 1
  Segment part 3.             Intra module refs:   CTS_getReading
           ENTRY                   ADDRESS         REF BY
           =====                   =======         ======
           oldSliderPos            1C2E            Clock_App_init (ClockApp)
    -------------------------------------------------------------------------
DATA16_Z
  Relative segment, address: 1C32 - 1C39 (0x8 bytes), align: 1
  Segment part 4.             Intra module refs:   CTS_getReading
           ENTRY                   ADDRESS         REF BY
           =====                   =======         ======
           sliderArray             1C32 
    -------------------------------------------------------------------------
DATA16_Z
  Relative segment, address: 1C6F - 1C70 (0x2 bytes), align: 0
  Segment part 5.             Intra module refs:   CTS_getReading
           ENTRY                   ADDRESS         REF BY
           =====                   =======         ======
           arrayFill               1C6F 
    -------------------------------------------------------------------------
DATA16_I
  Relative segment, address: 1C02 - 1C05 (0x4 bytes), align: 1
  Segment part 6.             Intra module refs:   CTS_getReading
           ENTRY                   ADDRESS         REF BY
           =====                   =======         ======
           sliderPtr               1C02 
    -------------------------------------------------------------------------
<CODE> 1 (was CODE)
  Relative segment, address: 8D12 - 9011 (0x300 bytes), align: 1
  Segment part 8.
           ENTRY                   ADDRESS         REF BY
           =====                   =======         ======
           CTS_getReading          8D12            Clock_setParameter (ClockApp)
                                                   Clock_setYear (ClockApp)
                                                   MainMenu (FR59xx_EXP)
                                                   SliderBall_app (Game)
                                                   ULP_subMenu (ULPMeter)
                                                   chooseCacheRatio (ActivePowerMeasure)
                                                   chooseFrequency (ActivePowerMeasure)
                                                   chooseGameMode (Game)
               calls direct
               CSTACK = 00000000 ( 0000000A )
    -------------------------------------------------------------------------
DATA16_ID
  Relative segment, address: 6982 - 6985 (0x4 bytes), align: 1
  Segment part 7.             Intra module refs:   sliderPtr

    *************************************************************************

  FILE NAME : C:\jenkins\workspace\MspExp430FR5969\mspexp430fr5869\imports\MSP-EXP430FR5969 Software Examples\Source\430BOOST-SHARP96_ULP_FRAM\IAR\Debug\Obj\dma.r43
  PROGRAM MODULE, NAME : dma

  SEGMENTS IN THE MODULE
  ======================
<CODE> 1 (was CODE)
  Relative segment, address: D1FC - D289 (0x8e bytes), align: 1
  Segment part 20.
           ENTRY                   ADDRESS         REF BY
           =====                   =======         ======
           DMA_init                D1FC            FRAM_speedInit (FRAMSpeedApp)
                                                   ULP_sendData (ULPMeter)
               CSTACK = 00000000 ( 0000000C )
    -------------------------------------------------------------------------
<CODE> 1 (was CODE)
  Relative segment, address: E0B6 - E0E9 (0x34 bytes), align: 1
  Segment part 18.
           ENTRY                   ADDRESS         REF BY
           =====                   =======         ======
           DMA_setSrcAddress       E0B6            FRAM_speedInit (FRAMSpeedApp)
                                                   ULP_sendData (ULPMeter)
               CSTACK = 00000000 ( 00000006 )
    -------------------------------------------------------------------------
<CODE> 1 (was CODE)
  Relative segment, address: E080 - E0B5 (0x36 bytes), align: 1
  Segment part 17.
           ENTRY                   ADDRESS         REF BY
           =====                   =======         ======
           DMA_setDstAddress       E080            FRAM_speedInit (FRAMSpeedApp)
                                                   ULP_sendData (ULPMeter)
               CSTACK = 00000000 ( 00000006 )
    -------------------------------------------------------------------------
<CODE> 1 (was CODE)
  Relative segment, address: E63C - E64B (0x10 bytes), align: 1
  Segment part 16.
           ENTRY                   ADDRESS         REF BY
           =====                   =======         ======
           DMA_enableTransfers     E63C            FRAM_speedApp (FRAMSpeedApp)
                                                   FRAM_speedInit (FRAMSpeedApp)
                                                   ULP_sendData (ULPMeter)
               CSTACK = 00000000 ( 00000004 )
    -------------------------------------------------------------------------
<CODE> 1 (was CODE)
  Relative segment, address: E64C - E65B (0x10 bytes), align: 1
  Segment part 15.
           ENTRY                   ADDRESS         REF BY
           =====                   =======         ======
           DMA_disableTransfers    E64C            FRAM_speedApp (FRAMSpeedApp)
                                                   FRAM_speedExit (FRAMSpeedApp)
                                                   ULP_sendData (ULPMeter)
               CSTACK = 00000000 ( 00000004 )
    -------------------------------------------------------------------------
<CODE> 1 (was CODE)
  Relative segment, address: E68A - E697 (0xe bytes), align: 1
  Segment part 13.
           ENTRY                   ADDRESS         REF BY
           =====                   =======         ======
           DMA_enableInterrupt     E68A            FRAM_speedApp (FRAMSpeedApp)
                                                   FRAM_speedInit (FRAMSpeedApp)
                                                   ULP_sendData (ULPMeter)
               CSTACK = 00000000 ( 00000004 )
    -------------------------------------------------------------------------
<CODE> 1 (was CODE)
  Relative segment, address: E6B4 - E6C1 (0xe bytes), align: 1
  Segment part 12.
           ENTRY                   ADDRESS         REF BY
           =====                   =======         ======
           DMA_disableInterrupt    E6B4            FRAM_speedApp (FRAMSpeedApp)
                                                   FRAM_speedExit (FRAMSpeedApp)
               CSTACK = 00000000 ( 00000004 )
    -------------------------------------------------------------------------
<CODE> 1 (was CODE)
  Relative segment, address: E6C2 - E6CF (0xe bytes), align: 1
  Segment part 10.
           ENTRY                   ADDRESS         REF BY
           =====                   =======         ======
           DMA_clearInterrupt      E6C2            DMA_ISR (FRAMSpeedApp)
                                                   FRAM_speedApp (FRAMSpeedApp)
                                                   FRAM_speedExit (FRAMSpeedApp)
               CSTACK = 00000000 ( 00000004 )

    *************************************************************************

  FILE NAME : C:\jenkins\workspace\MspExp430FR5969\mspexp430fr5869\imports\MSP-EXP430FR5969 Software Examples\Source\430BOOST-SHARP96_ULP_FRAM\IAR\Debug\Obj\eusci_a_spi.r43
  PROGRAM MODULE, NAME : eusci_a_spi

  SEGMENTS IN THE MODULE
  ======================
<CODE> 1 (was CODE)
  Relative segment, address: E7C4 - E7C9 (0x6 bytes), align: 1
  Segment part 6.
           ENTRY                   ADDRESS         REF BY
           =====                   =======         ======
           EUSCI_A_SPI_enable      E7C4            eUSCI_turnOn (ActivePowerMeasure)
               CSTACK = 00000000 ( 00000004 )
    -------------------------------------------------------------------------
<CODE> 1 (was CODE)
  Relative segment, address: E7D0 - E7D5 (0x6 bytes), align: 1
  Segment part 5.
           ENTRY                   ADDRESS         REF BY
           =====                   =======         ======
           EUSCI_A_SPI_disable     E7D0            eUSCI_turnOff (ActivePowerMeasure)
               CSTACK = 00000000 ( 00000004 )

    *************************************************************************

  FILE NAME : C:\jenkins\workspace\MspExp430FR5969\mspexp430fr5869\imports\MSP-EXP430FR5969 Software Examples\Source\430BOOST-SHARP96_ULP_FRAM\IAR\Debug\Obj\eusci_a_uart.r43
  PROGRAM MODULE, NAME : eusci_a_uart

  SEGMENTS IN THE MODULE
  ======================
<CODE> 1 (was CODE)
  Relative segment, address: C7C4 - C87D (0xba bytes), align: 1
  Segment part 18.
           ENTRY                   ADDRESS         REF BY
           =====                   =======         ======
           EUSCI_A_UART_initAdvance
                                   C7C4            ULP_sendData (ULPMeter)
               CSTACK = 00000000 ( 00000008 )
    -------------------------------------------------------------------------
<CODE> 1 (was CODE)
  Relative segment, address: E35E - E381 (0x24 bytes), align: 1
  Segment part 17.
           ENTRY                   ADDRESS         REF BY
           =====                   =======         ======
           EUSCI_A_UART_transmitData
                                   E35E            ULP_sendData (ULPMeter)
               CSTACK = 00000000 ( 00000004 )
    -------------------------------------------------------------------------
<CODE> 1 (was CODE)
  Relative segment, address: E7AC - E7B1 (0x6 bytes), align: 1
  Segment part 11.
           ENTRY                   ADDRESS         REF BY
           =====                   =======         ======
           EUSCI_A_UART_enable     E7AC            ULP_sendData (ULPMeter)
               CSTACK = 00000000 ( 00000004 )
    -------------------------------------------------------------------------
<CODE> 1 (was CODE)
  Relative segment, address: E7B2 - E7B7 (0x6 bytes), align: 1
  Segment part 10.
           ENTRY                   ADDRESS         REF BY
           =====                   =======         ======
           EUSCI_A_UART_disable    E7B2            ULP_sendData (ULPMeter)
               CSTACK = 00000000 ( 00000004 )

    *************************************************************************

  FILE NAME : C:\jenkins\workspace\MspExp430FR5969\mspexp430fr5869\imports\MSP-EXP430FR5969 Software Examples\Source\430BOOST-SHARP96_ULP_FRAM\IAR\Debug\Obj\eusci_b_i2c.r43
    *************************************************************************

  FILE NAME : C:\jenkins\workspace\MspExp430FR5969\mspexp430fr5869\imports\MSP-EXP430FR5969 Software Examples\Source\430BOOST-SHARP96_ULP_FRAM\IAR\Debug\Obj\eusci_b_spi.r43
  PROGRAM MODULE, NAME : eusci_b_spi

  SEGMENTS IN THE MODULE
  ======================
<CODE> 1 (was CODE)
  Relative segment, address: DBC4 - DC1B (0x58 bytes), align: 1
  Segment part 17.
           ENTRY                   ADDRESS         REF BY
           =====                   =======         ======
           EUSCI_B_SPI_masterInit
                                   DBC4            Sharp96x96_LCDInit (sharp96x96)
               CSTACK = 00000000 ( 0000000C )
    -------------------------------------------------------------------------
<CODE> 1 (was CODE)
  Relative segment, address: E6D0 - E6DB (0xc bytes), align: 1
  Segment part 12.
           ENTRY                   ADDRESS         REF BY
           =====                   =======         ======
           EUSCI_B_SPI_transmitData
                                   E6D0            LCD_drawPicture (UpdateDisplay)
               CSTACK = 00000000 ( 00000004 )
    -------------------------------------------------------------------------
<CODE> 1 (was CODE)
  Relative segment, address: E73E - E747 (0xa bytes), align: 1
  Segment part 8.
           ENTRY                   ADDRESS         REF BY
           =====                   =======         ======
           EUSCI_B_SPI_getInterruptStatus
                                   E73E            LCD_drawPicture (UpdateDisplay)
               CSTACK = 00000000 ( 00000004 )
    -------------------------------------------------------------------------
<CODE> 1 (was CODE)
  Relative segment, address: E7A0 - E7A5 (0x6 bytes), align: 1
  Segment part 6.
           ENTRY                   ADDRESS         REF BY
           =====                   =======         ======
           EUSCI_B_SPI_enable      E7A0            Sharp96x96_LCDInit (sharp96x96)
               CSTACK = 00000000 ( 00000004 )
    -------------------------------------------------------------------------
<CODE> 1 (was CODE)
  Relative segment, address: E748 - E751 (0xa bytes), align: 1
  Segment part 2.
           ENTRY                   ADDRESS         REF BY
           =====                   =======         ======
           EUSCI_B_SPI_isBusy      E748            LCD_drawPicture (UpdateDisplay)
               CSTACK = 00000000 ( 00000004 )

    *************************************************************************

  FILE NAME : C:\jenkins\workspace\MspExp430FR5969\mspexp430fr5869\imports\MSP-EXP430FR5969 Software Examples\Source\430BOOST-SHARP96_ULP_FRAM\IAR\Debug\Obj\fontcmss12.r43
  PROGRAM MODULE, NAME : fontcmss12

  SEGMENTS IN THE MODULE
  ======================
DATA16_C
  Relative segment, address: 49A0 - 4EB3 (0x514 bytes), align: 0
  Segment part 2.             Intra module refs:   g_sFontCmss12
           LOCAL                   ADDRESS         
           =====                   =======         
           g_pucCmss12Data         49A0 
    -------------------------------------------------------------------------
DATA16_C
  Relative segment, address: 47A2 - 4867 (0xc6 bytes), align: 1
  Segment part 3.
           ENTRY                   ADDRESS         REF BY
           =====                   =======         ======
           g_sFontCmss12           47A2            LCD_activePowerIntro (UpdateDisplay)
                                                   LCD_displayCacheRatioMenu (UpdateDisplay)
                                                   LCD_displayFrequencyMenu (UpdateDisplay)
                                                   LCD_displayMainMenu (UpdateDisplay)
                                                   LCD_displaySendingScreen (UpdateDisplay)
                                                   LCD_displaySpeed (UpdateDisplay)
                                                   LCD_displayULPSubMenu (UpdateDisplay)
                                                   LCD_drawBattery (UpdateDisplay)
                                                   LCD_drawLowBattery (UpdateDisplay)
                                                   LCD_introULP (UpdateDisplay)
                                                   LCD_introWrite (UpdateDisplay)
                                                   LCD_showDataSent (UpdateDisplay)
                                                   LCD_sliderBallMenu (UpdateDisplay)
                                                   LCD_updateClock (UpdateDisplay)
                                                   SliderBall_app (Game)

    *************************************************************************

  FILE NAME : C:\jenkins\workspace\MspExp430FR5969\mspexp430fr5869\imports\MSP-EXP430FR5969 Software Examples\Source\430BOOST-SHARP96_ULP_FRAM\IAR\Debug\Obj\fontcmss32.r43
  PROGRAM MODULE, NAME : fontcmss32

  SEGMENTS IN THE MODULE
  ======================
DATA16_C
  Relative segment, address: 4EB4 - 5BFA (0xd47 bytes), align: 0
  Segment part 2.             Intra module refs:   g_sFontCmss32
           LOCAL                   ADDRESS         
           =====                   =======         
           g_pucCmss32Data         4EB4 
    -------------------------------------------------------------------------
DATA16_C
  Relative segment, address: 4868 - 492D (0xc6 bytes), align: 1
  Segment part 3.
           ENTRY                   ADDRESS         REF BY
           =====                   =======         ======
           g_sFontCmss32           4868            LCD_updateClock (UpdateDisplay)

    *************************************************************************

  FILE NAME : C:\jenkins\workspace\MspExp430FR5969\mspexp430fr5869\imports\MSP-EXP430FR5969 Software Examples\Source\430BOOST-SHARP96_ULP_FRAM\IAR\Debug\Obj\FR59xx_EXP.r43
  PROGRAM MODULE, NAME : FR59xx_EXP

  SEGMENTS IN THE MODULE
  ======================
DATA16_AN
  Relative segment, address: 020E - 020F (0x2 bytes), align: 0
  Segment part 1. ROOT.       Intra module refs:   PORT1_ISR
           ENTRY                   ADDRESS         REF BY
           =====                   =======         ======
           P1IV                    020E 
    -------------------------------------------------------------------------
DATA16_AN
  Relative segment, address: 023E - 023F (0x2 bytes), align: 0
  Segment part 2. ROOT.       Intra module refs:   PORT4_ISR
           ENTRY                   ADDRESS         REF BY
           =====                   =======         ======
           P4IV                    023E 
    -------------------------------------------------------------------------
DATA16_AN
  Relative segment, address: 04AA - 04AB (0x2 bytes), align: 0
  Segment part 3. ROOT.       Intra module refs:   PORT1_ISR
           ENTRY                   ADDRESS         REF BY
           =====                   =======         ======
           _A_RTCPS1CTL_L          04AA 
           LOCAL                   ADDRESS         
           =====                   =======         
           RTCPS1CTL               04AA 
           RTCPS1CTL_H             04AB 
           RTCPS1CTL_L             04AA 
    -------------------------------------------------------------------------
DATA16_AN
  Relative segment, address: 04AE - 04AF (0x2 bytes), align: 0
  Segment part 4. ROOT.       Intra module refs:   RTC_ISR
           ENTRY                   ADDRESS         REF BY
           =====                   =======         ======
           RTCIV                   04AE 
    -------------------------------------------------------------------------
DATA16_AN
  Relative segment, address: 019C - 019D (0x2 bytes), align: 0
  Segment part 6. ROOT.       Intra module refs:   SYSNMI_ISR
           ENTRY                   ADDRESS         REF BY
           =====                   =======         ======
           _A_SYSSNIV_L            019C 
           LOCAL                   ADDRESS         
           =====                   =======         
           SYSSNIV                 019C 
           SYSSNIV_H               019D 
           SYSSNIV_L               019C 
    -------------------------------------------------------------------------
DATA16_AN
  Relative segment, address: 019E - 019F (0x2 bytes), align: 0
  Segment part 7. ROOT.       Intra module refs:   main
           ENTRY                   ADDRESS         REF BY
           =====                   =======         ======
           _A_SYSRSTIV_L           019E 
           LOCAL                   ADDRESS         
           =====                   =======         
           SYSRSTIV                019E 
           SYSRSTIV_H              019F 
           SYSRSTIV_L              019E 
    -------------------------------------------------------------------------
DATA16_Z
  Relative segment, address: 1C71 - 1C71 (0x1 bytes), align: 0
  Segment part 14.            Intra module refs:   MainMenu
                                                   RTC_ISR
                                                   offLED
                                                   onLED
           ENTRY                   ADDRESS         REF BY
           =====                   =======         ======
           startupStatus           1C71 
    -------------------------------------------------------------------------
DATA16_I
  Relative segment, address: 1C09 - 1C09 (0x1 bytes), align: 0
  Segment part 15.            Intra module refs:   PORT1_ISR
                                                   PORT4_ISR
                                                   main
           ENTRY                   ADDRESS         REF BY
           =====                   =======         ======
           mode                    1C09            ActivePowerApp (ActivePowerMeasure)
                                                   Clock_App (ClockApp)
                                                   DMA_ISR (FRAMSpeedApp)
                                                   FRAM_speedApp (FRAMSpeedApp)
                                                   SliderBall_app (Game)
                                                   TA1_ISR (myTimer)
                                                   ULP_meter (ULPMeter)
    -------------------------------------------------------------------------
DATA16_Z
  Relative segment, address: 1C72 - 1C72 (0x1 bytes), align: 0
  Segment part 17.            Intra module refs:   MainMenu
                                                   PORT1_ISR
                                                   PORT4_ISR
                                                   main
           ENTRY                   ADDRESS         REF BY
           =====                   =======         ======
           select                  1C72            ActivePowerApp (ActivePowerMeasure)
                                                   Active_intro (ActivePowerMeasure)
                                                   Clock_App (ClockApp)
                                                   Clock_App_init (ClockApp)
                                                   Clock_setParameter (ClockApp)
                                                   Clock_setYear (ClockApp)
                                                   LCD_updateClock (UpdateDisplay)
                                                   SliderBall_app (Game)
                                                   TA1_ISR (myTimer)
                                                   ULP_meter (ULPMeter)
                                                   ULP_subMenu (ULPMeter)
                                                   chooseCacheRatio (ActivePowerMeasure)
                                                   chooseFrequency (ActivePowerMeasure)
                                                   chooseGameMode (Game)
    -------------------------------------------------------------------------
<CODE> 1 (was CODE)
  Relative segment, address: BA8C - BB8F (0x104 bytes), align: 1
  Segment part 34.
           ENTRY                   ADDRESS         REF BY
           =====                   =======         ======
           main                    BA8C            Segment part 22 (?cstart)
               calls direct
               CSTACK = 00000000 ( 00000006 )
    -------------------------------------------------------------------------
<CODE> 1 (was CODE)
  Relative segment, address: A9D6 - AB6B (0x196 bytes), align: 1
  Segment part 33.            Intra module refs:   main
           ENTRY                   ADDRESS         REF BY
           =====                   =======         ======
           SystemInit              A9D6 
               calls direct and indirect
               CSTACK = 00000000 ( 00000014 )
    -------------------------------------------------------------------------
<CODE> 1 (was CODE)
  Relative segment, address: E62C - E63B (0x10 bytes), align: 1
  Segment part 32.
           ENTRY                   ADDRESS         REF BY
           =====                   =======         ======
           SYS_enterLPM35          E62C            ULP_meter (ULPMeter)
               calls direct
               CSTACK = 00000000 ( 00000004 )
[...]
                                                   y (Game)
    -------------------------------------------------------------------------
CSTART
  Relative segment, address: 4418 - 4427 (0x10 bytes), align: 1
  Segment part 16.
           ENTRY                   ADDRESS         REF BY
           =====                   =======         ======
           ?cstart_init_copy       4418            MAX_X (Game)
                                                   MAX_Y (Game)
                                                   MIN_X (Game)
                                                   MIN_Y (Game)
                                                   VCOMbit (sharp96x96)
                                                   ctsStatusReg (CTS_Layer)
                                                   firstEnter (ClockApp)
                                                   freshFlag (ClockApp)
                                                   mode (FR59xx_EXP)
                                                   setClock (ClockApp)
                                                   sliderPtr (CTS_wolverine)
    -------------------------------------------------------------------------
CSTART
  Relative segment, address: 4428 - 442F (0x8 bytes), align: 1
  Segment part 22.            Intra module refs:   ?cstart_call_low_level_init
                                                   Segment part 12
           ENTRY                   ADDRESS         REF BY
           =====                   =======         ======
           ?cstart_call_main       4428 
           ?cstart_end             4430 

    -------------------------------------------------------------------------
  LIBRARY MODULE, NAME : ?reset_vector

  SEGMENTS IN THE MODULE
  ======================
RESET
  Relative segment, address: FFFE - FFFF (0x2 bytes), align: 1
  Segment part 0.
           ENTRY                   ADDRESS         REF BY
           =====                   =======         ======
           ?reset_vector           FFFE            Segment part 12 (?cstart)

    -------------------------------------------------------------------------
  LIBRARY MODULE, NAME : ?exit

  SEGMENTS IN THE MODULE
  ======================
<CODE> 1 (was CODE)
  Relative segment, address: E7E6 - E7E9 (0x4 bytes), align: 1
  Segment part 2.
           ENTRY                   ADDRESS         REF BY
           =====                   =======         ======
           exit                    E7E6            Segment part 22 (?cstart)
               calls direct
               CSTACK = 00000000 ( 00000004 )

    -------------------------------------------------------------------------
  LIBRARY MODULE, NAME : ?Mul32Hw32Loc2

  SEGMENTS IN THE MODULE
  ======================
<CODE> 1 (was CODE)
  Relative segment, address: E410 - E431 (0x22 bytes), align: 1
  Segment part 0.
           ENTRY                   ADDRESS         REF BY
           =====                   =======         ======
           ?Mul32Hw32Loc2          E410            GrCircleDraw (circle)
                                                   GrLineClip (line)

    -------------------------------------------------------------------------
  LIBRARY MODULE, NAME : ?DivMod816u

  SEGMENTS IN THE MODULE
  ======================
<CODE> 1 (was CODE)
  Relative segment, address: E4CC - E4E7 (0x1c bytes), align: 1
  Segment part 0.
           ENTRY                   ADDRESS         REF BY
           =====                   =======         ======
           ?DivMod8u               E4CC            CTS_getReading (CTS_wolverine)
           ?DivMod16u              E4D0            ADC12_ISR (ULPMeter)
                                                   Dominant_Element (CTS_Layer)
                                                   LCD_drawBattery (UpdateDisplay)
                                                   LCD_updateClock (UpdateDisplay)
                                                   Segment part 0 (?DivMod816s)
                                                   TI_CAPT_Wheel (CTS_Layer)
                                                   UnsignedInt_To_ASCII (UpdateDisplay)

    -------------------------------------------------------------------------
  LIBRARY MODULE, NAME : ?DivMod816s

  SEGMENTS IN THE MODULE
  ======================
<CODE> 1 (was CODE)
  Relative segment, address: E0EA - E11D (0x34 bytes), align: 1
  Segment part 0.
           ENTRY                   ADDRESS         REF BY
           =====                   =======         ======
           ?DivMod8s               E0EA 
           ?DivMod16s              E0EE            CTS_getReading (CTS_wolverine)
                                                   LCD_drawSliderBall (UpdateDisplay)
                                                   TI_CAPT_Wheel (CTS_Layer)
                                                   collisionDetect (Game)

    -------------------------------------------------------------------------
  LIBRARY MODULE, NAME : ?DivMod32u

  SEGMENTS IN THE MODULE
  ======================
<CODE> 1 (was CODE)
  Relative segment, address: E010 - E047 (0x38 bytes), align: 1
  Segment part 0.
           ENTRY                   ADDRESS         REF BY
           =====                   =======         ======
           ?DivMod32u              E010            ?DivMod32s (?DivMod32s)
                                                   EUSCI_B_SPI_masterInit (eusci_b_spi)
                                                   UnsignedLong_To_ASCII (UpdateDisplay)

    -------------------------------------------------------------------------
  LIBRARY MODULE, NAME : ?DivMod32s

  SEGMENTS IN THE MODULE
  ======================
<CODE> 1 (was CODE)
  Relative segment, address: DEDC - DF1B (0x40 bytes), align: 1
  Segment part 0.
           ENTRY                   ADDRESS         REF BY
           =====                   =======         ======
           ?DivMod32s              DEDC            GrLineClip (line)
                                                   GrLineDraw (line)

    -------------------------------------------------------------------------
  LIBRARY MODULE, NAME : ?memcpy

  SEGMENTS IN THE MODULE
  ======================
<CODE> 1 (was CODE)
  Relative segment, address: E5B6 - E5C7 (0x12 bytes), align: 1
  Segment part 2.
           ENTRY                   ADDRESS         REF BY
           =====                   =======         ======
           memcpy                  E5B6            __data16_memcpy (?memzero)
               CSTACK = 00000000 ( 00000004 )

    -------------------------------------------------------------------------
  LIBRARY MODULE, NAME : ?CopyMemoryWords

  SEGMENTS IN THE MODULE
  ======================
<CODE> 1 (was CODE)
  Relative segment, address: E60C - E61B (0x10 bytes), align: 1
  Segment part 0.
           ENTRY                   ADDRESS         REF BY
           =====                   =======         ======
           ?CopyMemoryWords        E60C            GrStringDraw (string)

    -------------------------------------------------------------------------
  LIBRARY MODULE, NAME : ?ClearMemoryBytes

  SEGMENTS IN THE MODULE
  ======================
<CODE> 1 (was CODE)
  Relative segment, address: E66C - E67B (0x10 bytes), align: 1
  Segment part 0.
           ENTRY                   ADDRESS         REF BY
           =====                   =======         ======
           ?ClearMemoryBytes       E66C            LCD_displayGameOver (UpdateDisplay)
                                                   LCD_displayNewHighScore (UpdateDisplay)
                                                   LCD_displaySpeed (UpdateDisplay)
                                                   LCD_drawBattery (UpdateDisplay)
                                                   LCD_showDataSent (UpdateDisplay)
                                                   LCD_updateClock (UpdateDisplay)
                                                   LCD_updateLives (UpdateDisplay)
                                                   LCD_updateScore (UpdateDisplay)
                                                   UnsignedInt_To_ASCII (UpdateDisplay)
                                                   UnsignedLong_To_ASCII (UpdateDisplay)

    -------------------------------------------------------------------------
  LIBRARY MODULE, NAME : ?memzero

  SEGMENTS IN THE MODULE
  ======================
<CODE> 1 (was CODE)
  Relative segment, address: E5C8 - E5D9 (0x12 bytes), align: 1
  Segment part 4.
           ENTRY                   ADDRESS         REF BY
           =====                   =======         ======
           __data16_memzero        E5C8            ?cstart_init_zero (?cstart)
               CSTACK = 00000000 ( 00000004 )
    -------------------------------------------------------------------------
<CODE> 1 (was CODE)
  Relative segment, address: E7EE - E7F1 (0x4 bytes), align: 1
  Segment part 3.
           ENTRY                   ADDRESS         REF BY
           =====                   =======         ======
           __data16_memcpy         E7EE            ?cstart_init_copy (?cstart)
               calls direct
               CSTACK = 00000000 ( 00000004 )

    -------------------------------------------------------------------------
  LIBRARY MODULE, NAME : ?IndCallR7

  SEGMENTS IN THE MODULE
  ======================
<CODE> 1 (was CODE)
  Relative segment, address: E7D6 - E7D9 (0x4 bytes), align: 1
  Segment part 0.
           ENTRY                   ADDRESS         REF BY
           =====                   =======         ======
           ?IndCallR7              E7D6            LCD_drawBattery (UpdateDisplay)
                                                   LCD_updateClock (UpdateDisplay)

    -------------------------------------------------------------------------
  LIBRARY MODULE, NAME : ?IndCallR9

  SEGMENTS IN THE MODULE
  ======================
<CODE> 1 (was CODE)
  Relative segment, address: E7DA - E7DD (0x4 bytes), align: 1
  Segment part 0.
           ENTRY                   ADDRESS         REF BY
           =====                   =======         ======
           ?IndCallR9              E7DA            GrCircleDraw (circle)
                                                   GrLineDraw (line)
                                                   LCD_displayCacheRatioMenu (UpdateDisplay)
                                                   LCD_displayFrequencyMenu (UpdateDisplay)
                                                   LCD_displayMainMenu (UpdateDisplay)
                                                   LCD_displaySendingScreen (UpdateDisplay)
                                                   LCD_displayULPSubMenu (UpdateDisplay)
                                                   LCD_drawLowBattery (UpdateDisplay)
                                                   LCD_showDataSent (UpdateDisplay)
                                                   LCD_sliderBallMenu (UpdateDisplay)
                                                   LCD_updateClock (UpdateDisplay)
                                                   SystemInit (FR59xx_EXP)
                                                   SystemInitFromLPM35 (FR59xx_EXP)

    -------------------------------------------------------------------------
  LIBRARY MODULE, NAME : ?IndCallR11

  SEGMENTS IN THE MODULE
  ======================
<CODE> 1 (was CODE)
  Relative segment, address: E7DE - E7E1 (0x4 bytes), align: 1
  Segment part 0.
           ENTRY                   ADDRESS         REF BY
           =====                   =======         ======
           ?IndCallR11             E7DE            GrCircleDraw (circle)
                                                   GrLineDrawH (line)
                                                   GrLineDrawV (line)
                                                   GrStringDraw (string)

    -------------------------------------------------------------------------
  LIBRARY MODULE, NAME : ?IndCallR15

  SEGMENTS IN THE MODULE
  ======================
<CODE> 1 (was CODE)
  Relative segment, address: E7E2 - E7E5 (0x4 bytes), align: 1
  Segment part 0.
           ENTRY                   ADDRESS         REF BY
           =====                   =======         ======
           ?IndCallR15             E7E2            LCD_activePowerIntro (UpdateDisplay)
                                                   LCD_displayCacheRatioMenu (UpdateDisplay)
                                                   LCD_displayFrequencyMenu (UpdateDisplay)
                                                   LCD_displayGameOver (UpdateDisplay)
                                                   LCD_displayMainMenu (UpdateDisplay)
                                                   LCD_displayNewHighScore (UpdateDisplay)
                                                   LCD_displaySendingScreen (UpdateDisplay)
                                                   LCD_displaySpeed (UpdateDisplay)
                                                   LCD_displayULPSubMenu (UpdateDisplay)
                                                   LCD_drawBattery (UpdateDisplay)
                                                   LCD_drawLowBattery (UpdateDisplay)
                                                   LCD_drawSliderBall (UpdateDisplay)
                                                   LCD_introULP (UpdateDisplay)
                                                   LCD_introWrite (UpdateDisplay)
                                                   LCD_showDataSent (UpdateDisplay)
                                                   LCD_sliderBallMenu (UpdateDisplay)
                                                   LCD_updateClock (UpdateDisplay)
                                                   LCD_updateLives (UpdateDisplay)
                                                   LCD_updateScore (UpdateDisplay)
                                                   SliderBall_app (Game)

    -------------------------------------------------------------------------
  LIBRARY MODULE, NAME : ?strcat

  SEGMENTS IN THE MODULE
  ======================
<CODE> 1 (was CODE)
  Relative segment, address: E51A - E531 (0x18 bytes), align: 1
  Segment part 2.
           ENTRY                   ADDRESS         REF BY
           =====                   =======         ======
           strcat                  E51A            LCD_displaySpeed (UpdateDisplay)
                                                   LCD_drawBattery (UpdateDisplay)
                                                   LCD_updateClock (UpdateDisplay)
               CSTACK = 00000000 ( 00000004 )

    -------------------------------------------------------------------------
  LIBRARY MODULE, NAME : ?strcpy

  SEGMENTS IN THE MODULE
  ======================
<CODE> 1 (was CODE)
  Relative segment, address: E65C - E66B (0x10 bytes), align: 1
  Segment part 2.
           ENTRY                   ADDRESS         REF BY
           =====                   =======         ======
           strcpy                  E65C            LCD_displayCacheRatioMenu (UpdateDisplay)
                                                   LCD_displayFrequencyMenu (UpdateDisplay)
                                                   LCD_displayGameOver (UpdateDisplay)
                                                   LCD_displayMainMenu (UpdateDisplay)
                                                   LCD_displayNewHighScore (UpdateDisplay)
                                                   LCD_displaySpeed (UpdateDisplay)
                                                   LCD_displayULPSubMenu (UpdateDisplay)
                                                   LCD_drawBattery (UpdateDisplay)
                                                   LCD_sliderBallMenu (UpdateDisplay)
                                                   LCD_updateClock (UpdateDisplay)
                                                   LCD_updateLives (UpdateDisplay)
                                                   LCD_updateScore (UpdateDisplay)
               CSTACK = 00000000 ( 00000004 )

    -------------------------------------------------------------------------
  LIBRARY MODULE, NAME : ?strncat

  SEGMENTS IN THE MODULE
  ======================
<CODE> 1 (was CODE)
  Relative segment, address: E338 - E35D (0x26 bytes), align: 1
  Segment part 2.
           ENTRY                   ADDRESS         REF BY
           =====                   =======         ======
           strncat                 E338            LCD_displayGameOver (UpdateDisplay)
                                                   LCD_displayNewHighScore (UpdateDisplay)
                                                   LCD_drawBattery (UpdateDisplay)
                                                   LCD_updateClock (UpdateDisplay)
                                                   LCD_updateLives (UpdateDisplay)
                                                   LCD_updateScore (UpdateDisplay)
               CSTACK = 00000000 ( 00000004 )




                ****************************************
                *                                      *
                *      SEGMENTS IN ADDRESS ORDER       *
                *                                      *
                ****************************************


SEGMENT              SPACE    START ADDRESS   END ADDRESS     SIZE  TYPE  ALIGN
=======              =====    =============   ===========     ====  ====  =====
DATA16_AN                              0100 - 0101               2   rel    0
                                       015C - 015D               2 
                                       019C - 019F               4 
                                       020E - 020F               2 
                                       0222 - 0223               2 
                                       023E - 023F               2 
                                       0400 - 0403               4 
                                       0412 - 0413               2 
                                       043E - 043F               2 
                                       04AA - 04AB               2 
                                       04AE - 04B7               A 
                                       0510 - 0511               2 
                                       05CE - 05CF               2 
                                       05DC - 05DD               2 
                                       064E - 064F               2 
                                       066C - 066D               2 
                                       0860 - 0861               2 
DATA16_I                               1C00 - 1C0E               F   rel    1
DATA16_Z                               1C10 - 20FD             4EE   rel    1
CSTACK                                 2360 - 23FF              A0   rel    1
CSTART                                 4400 - 442F              30   rel    1
ISR_CODE                               4430 - 47A1             372   rel    1
DATA16_C                               47A2 - 697E            21DD   rel    1
DATA16_ID                              6980 - 698E               F   rel    1
<CODE> 1                               6990 - E7F3            7E64   rel    1
DATA16_AN                              F000 - F007               8   rel    0
INTVEC                                 FF90 - FFFD              6E   com    1
RESET                                  FFFE - FFFF               2   rel    1

                ****************************************
                *                                      *
                *        END OF CROSS REFERENCE        *
                *                                      *
                ****************************************

 33 398 bytes of CODE  memory
  1 437 bytes of DATA  memory (+ 54 absolute )
  8 684 bytes of CONST memory

Errors: none
Warnings: none

